
> python-yatch@0.0.0 build
> ng build

[33mÔØ»[39m Building...
[32mÔ£ö[39m Building...
Application bundle generation failed. [2.459 seconds]

npm : [1m[31m[31mX 
[41;31m[[41;97mERROR[41;31m][0m [1mNG5002: 
Incomplete block "pythonyacht". If you meant to 
write the @ character, you should use the 
"&#64;" HTML entity instead.[0m 
[1m[35m[plugin angular-compiler][0m
In riga:1 car:1
+ npm run build > build_error.log 2>&1
+ ~~~~~~~~~~~~~~~~~~~~~~~~~~~~~~~~~~~~
    + CategoryInfo          : NotSpecified: ([1 
   m[31m[31mX...r-compiler][0m:String) [], R  
  emoteException
    + FullyQualifiedErrorId : NativeCommandError
 

    src/app/components/contatti/contatti.componen
t.html:14:17:
[37m      14 Ôöé           
<p>info[32m@pythonyacht[37m.com</p>
         ÔòÁ                  
[32m~~~~~~~~~~~~[0m

  Error occurs in the template of component 
ContattiComponent.

    src/app/components/contatti/contatti.componen
t.ts:8:15:
[37m      8 Ôöé   templateUrl: 
[32m'./contatti.component.html'[37m,
        ÔòÁ                
[32m~~~~~~~~~~~~~~~~~~~~~~~~~~~[0m

[39m[22m
